// Vitest Snapshot v1, https://vitest.dev/guide/snapshot.html

exports[`InternalLink > that it renders correctly. 1`] = `"<!DOCTYPE html><!--prettier-ignore --><a data-link="internal" target="_self" href="https://example.com" data-astro-source-file="/Users/richard/Development/Projects/agingdeveloper-astro/src/components/InternalLink.astro" data-astro-source-loc="21:69">Test Content</a>"`;
