// Jest Snapshot v1, https://goo.gl/fbAQLP

exports[`ExternalLink that it renders correctly. 1`] = `
<a
  class="MuiTypography-root MuiTypography-inherit MuiLink-root MuiLink-underlineAlways css-1xylxj1-MuiTypography-root-MuiLink-root"
  data-link="external"
  href="https://example.com"
  rel="noopener noreferrer"
  target="_blank"
  to="https://example.com"
>
  Test Content
</a>
`;
