// Jest Snapshot v1, https://goo.gl/fbAQLP

exports[`ArticleByLine that it renders correctly. 1`] = `
<div
  class="MuiBox-root css-0"
>
  <a
    class="MuiTypography-root MuiTypography-subtitle1 MuiLink-root MuiLink-underlineAlways css-13wm0u9-MuiTypography-root-MuiLink-root"
    data-link="internal"
    href="/author/georgia-smith"
  >
    Georgia Smith
  </a>
  <h6
    class="MuiTypography-root MuiTypography-subtitle2 css-92xwbh-MuiTypography-root"
  >
    November 01, 2023
  </h6>
</div>
`;
