// Jest Snapshot v1, https://goo.gl/fbAQLP

exports[`InternalLink that it renders correctly. 1`] = `
<a
  class="MuiTypography-root MuiTypography-inherit MuiLink-root MuiLink-underlineAlways css-1xylxj1-MuiTypography-root-MuiLink-root"
  data-testid="internal-link"
  href="https://example.com"
>
  Test Content
</a>
`;
