// Jest Snapshot v1, https://goo.gl/fbAQLP

exports[`MDXCode that it renders correctly. 1`] = `
<pre
  class="prism-code language-js"
  style="color: rgb(156, 220, 254); background-color: rgb(30, 30, 30);"
>
  <div
    class="token-line"
    style="color: rgb(156, 220, 254);"
  >
    <span
      class="token maybe-class-name"
    >
      Module
    </span>
    <span
      class="token plain"
    >
       not found
    </span>
    <span
      class="token operator"
      style="color: rgb(212, 212, 212);"
    >
      :
    </span>
    <span
      class="token plain"
    >
       
    </span>
    <span
      class="token known-class-name class-name"
      style="color: rgb(78, 201, 176);"
    >
      Error
    </span>
    <span
      class="token operator"
      style="color: rgb(212, 212, 212);"
    >
      :
    </span>
    <span
      class="token plain"
    >
       
    </span>
    <span
      class="token maybe-class-name"
    >
      Can
    </span>
    <span
      class="token string"
      style="color: rgb(206, 145, 120);"
    >
      't resolve '
    </span>
    <span
      class="token plain"
    >
      @mdx
    </span>
    <span
      class="token operator"
      style="color: rgb(212, 212, 212);"
    >
      -
    </span>
    <span
      class="token plain"
    >
      jsreact'
    </span>
  </div>
</pre>
`;
