// Jest Snapshot v1, https://goo.gl/fbAQLP

exports[`PageHeader that it renders correctly. 1`] = `
<header
  class="MuiPaper-root MuiPaper-elevation MuiPaper-elevation0 MuiAppBar-root MuiAppBar-colorPrimary MuiAppBar-positionSticky css-nrystc-MuiPaper-root-MuiAppBar-root"
>
  <div
    class="MuiContainer-root MuiContainer-maxWidthLg css-1oqqzyl-MuiContainer-root"
  >
    <div
      class="MuiToolbar-root MuiToolbar-regular css-r6ewbb-MuiToolbar-root"
    >
      <a
        class="MuiTypography-root MuiTypography-inherit MuiLink-root MuiLink-underlineAlways MuiButtonBase-root css-1hyky9h-MuiTypography-root-MuiLink-root-MuiButtonBase-root"
        data-link="internal"
        href="/"
        tabindex="0"
      >
        <div
          class="MuiAvatar-root MuiAvatar-rounded MuiAvatar-colorDefault css-1qmj1zq-MuiAvatar-root"
        />
        <div
          class="MuiBox-root css-d0uhtl"
        >
          <h4
            class="MuiTypography-root MuiTypography-h4 css-725ddr-MuiTypography-root"
          >
            Test title
          </h4>
          <h6
            class="MuiTypography-root MuiTypography-h6 css-1ry1zvy-MuiTypography-root"
          >
            Test tagline is the best tagline
          </h6>
        </div>
        <span
          class="MuiTouchRipple-root css-8je8zh-MuiTouchRipple-root"
        />
      </a>
    </div>
  </div>
</header>
`;
