// Jest Snapshot v1, https://goo.gl/fbAQLP

exports[`TitleBlock that it contains a subtitle. 1`] = `
<header
  class="MuiToolbar-root MuiToolbar-regular css-5e1eij-MuiToolbar-root"
>
  <div
    class="MuiStack-root css-mqr1fz-MuiStack-root"
  >
    <h3
      class="MuiTypography-root MuiTypography-h3 css-gepadz-MuiTypography-root"
    >
      Testing Gatsby with Jest
    </h3>
  </div>
</header>
`;
